// Jest Snapshot v1, https://goo.gl/fbAQLP

exports[`Renders correctly with an address 1`] = `
<div
  className="MuiGrid-container-1"
>
  <p
    className="MuiTypography-root-98 MuiTypography-body1-107"
  >
    0xdf3f619804a92fdb4057192dc43dd748ea778adc
  </p>
  <div
    className="MuiGrid-container-1 MuiGrid-spacing-xs-24-25"
  >
    <div
      className="MuiGrid-item-2"
    >
      0x27ecd0a598e76f8a2fd264d427df0a119903e8ea
    </div>
    <div
      className="MuiGrid-item-2"
    >
      1
    </div>
    <div
      className="MuiGrid-item-2"
    />
  </div>
  <div
    className="MuiGrid-container-1 MuiGrid-spacing-xs-24-25"
  >
    <div
      className="MuiGrid-item-2"
    >
      0xbb72b4e4eb29dc59328668f32e0511e3ac0e5ce4
    </div>
    <div
      className="MuiGrid-item-2"
    >
      0
    </div>
    <div
      className="MuiGrid-container-1 MuiGrid-item-2"
    >
      <button
        className="MuiButtonBase-root-149 MuiButton-root-123 MuiButton-text-125 MuiButton-flat-128"
        disabled={false}
        onBlur={[Function]}
        onClick={[Function]}
        onFocus={[Function]}
        onKeyDown={[Function]}
        onKeyUp={[Function]}
        onMouseDown={[Function]}
        onMouseLeave={[Function]}
        onMouseUp={[Function]}
        onTouchEnd={[Function]}
        onTouchMove={[Function]}
        onTouchStart={[Function]}
        tabIndex="0"
        type="button"
      >
        <span
          className="MuiButton-label-124"
        >
          Accept
        </span>
        <span
          className="MuiTouchRipple-root-152"
        />
      </button>
      <button
        className="MuiButtonBase-root-149 MuiButton-root-123 MuiButton-text-125 MuiButton-flat-128"
        disabled={false}
        onBlur={[Function]}
        onClick={[Function]}
        onFocus={[Function]}
        onKeyDown={[Function]}
        onKeyUp={[Function]}
        onMouseDown={[Function]}
        onMouseLeave={[Function]}
        onMouseUp={[Function]}
        onTouchEnd={[Function]}
        onTouchMove={[Function]}
        onTouchStart={[Function]}
        tabIndex="0"
        type="button"
      >
        <span
          className="MuiButton-label-124"
        >
          Reject
        </span>
        <span
          className="MuiTouchRipple-root-152"
        />
      </button>
    </div>
  </div>
</div>
`;

exports[`Renders correctly with data 1`] = `
<div
  className="MuiGrid-container-1"
>
  <p
    className="MuiTypography-root-98 MuiTypography-body1-107"
  >
    0xdf3f619804a92fdb4057192dc43dd748ea778adc
  </p>
  <div
    className="MuiGrid-container-1 MuiGrid-spacing-xs-24-25"
  >
    <div
      className="MuiGrid-item-2"
    >
      0x27ecd0a598e76f8a2fd264d427df0a119903e8ea
    </div>
    <div
      className="MuiGrid-item-2"
    >
      1
    </div>
    <div
      className="MuiGrid-item-2"
    />
  </div>
</div>
`;

exports[`Renders correctly with no data 1`] = `<div />`;
